[app.cpcbccr.com/AQI_India/index.html]
[backblue.gif]
[fade.gif]
[index.html]
[app.cpcbccr.com/AQI_India/assets/stylesheets/bootstrap.min.css]
[app.cpcbccr.com/AQI_India/assets/stylesheets/theme.css]
[app.cpcbccr.com/AQI_India/assets/stylesheets/bootstrap-select.min.css]
[app.cpcbccr.com/AQI_India/assets/stylesheets/bootstrap-datepicker3.standalone.min.css]
[app.cpcbccr.com/AQI_India/assets/stylesheets/main.css]
[app.cpcbccr.com/AQI_India/assets/stylesheets/map.css]
[app.cpcbccr.com/AQI_India/assets/stylesheets/bootstrap-timepicker.min.css]
[app.cpcbccr.com/AQI_India/assets/images/cpcb-logo.png]
[app.cpcbccr.com/AQI_India/assets/javascripts/jquery.min.js]
[app.cpcbccr.com/AQI_India/assets/javascripts/eventemitter2.js]
[app.cpcbccr.com/AQI_India/assets/javascripts/justgage.js]
[app.cpcbccr.com/AQI_India/assets/javascripts/bootstrap.min.js]
[app.cpcbccr.com/AQI_India/assets/javascripts/scrollspy.js]
[app.cpcbccr.com/AQI_India/assets/javascripts/bootstrap-datepicker.min.js]
[app.cpcbccr.com/AQI_India/assets/javascripts/moment.min.js]
[app.cpcbccr.com/AQI_India/assets/javascripts/bootstrap-sortable.js]
[app.cpcbccr.com/AQI_India/assets/javascripts/d3.min.js]
[app.cpcbccr.com/AQI_India/assets/javascripts/bootstrap-timepicker.min.js]
[app.cpcbccr.com/AQI_India/assets/javascripts/jquery.filedownload.min.js]
[app.cpcbccr.com/AQI_India/assets/javascripts/air.js]
[app.cpcbccr.com/AQI_India/assets/javascripts/airuimap.js]
[app.cpcbccr.com/AQI_India/assets/javascripts/airuipanel.js]
[app.cpcbccr.com/AQI_India/assets/javascripts/airuicomparator.js]
[app.cpcbccr.com/AQI_India/assets/javascripts/airuirankings.js]
[app.cpcbccr.com/AQI_India/assets/javascripts/airui.js]
[app.cpcbccr.com/AQI_India/assets/javascripts/app.js]
[app.cpcbccr.com/AQI_India/assets/javascripts/quickfix.js]
[www.google-analytics.com/analytics.js]
[app.cpcbccr.com/AQI_India/index.html]
[app.cpcbccr.com/AQI_India/assets/fonts/glyphicons-halflings-regular.eot]
[app.cpcbccr.com/AQI_India/assets/fonts/glyphicons-halflings-regulard41d.eot]
[app.cpcbccr.com/AQI_India/assets/fonts/glyphicons-halflings-regular.woff]
[app.cpcbccr.com/AQI_India/assets/fonts/glyphicons-halflings-regular.ttf]
[app.cpcbccr.com/AQI_India/assets/fonts/glyphicons-halflings-regular.svg]
[app.cpcbccr.com/AQI_India/assets/stylesheets/bootstrap.min.css]
[app.cpcbccr.com/AQI_India/assets/stylesheets/theme.css]
[app.cpcbccr.com/AQI_India/assets/stylesheets/bootstrap-select.min.css]
[app.cpcbccr.com/AQI_India/assets/stylesheets/bootstrap-datepicker3.standalone.min.css]
[app.cpcbccr.com/AQI_India/assets/stylesheets/main.css]
[app.cpcbccr.com/AQI_India/assets/stylesheets/map.css]
[app.cpcbccr.com/AQI_India/assets/stylesheets/bootstrap-timepicker.min.css]
[app.cpcbccr.com/AQI_India/assets/fonts/glyphicons-halflings-regular.html]
[app.cpcbccr.com/AQI_India/assets/fonts/glyphicons-halflings-regulard41d.html]
[app.cpcbccr.com/AQI_India/assets/fonts/glyphicons-halflings-regular-2.html]
[app.cpcbccr.com/AQI_India/assets/fonts/glyphicons-halflings-regular-3.html]
[app.cpcbccr.com/AQI_India/assets/javascripts/prefixfree.min.js]
[app.cpcbccr.com/AQI_India/assets/javascripts/underscore.min.js]
[app.cpcbccr.com/AQI_India/assets/javascripts/raphael.2.1.2.min.js]
